2025-06-05 21:44:18,043 [DEBUG]  Available web server routes: 
/conversations/<conversation_id:path>/messages     POST                           add_message
/conversations/<conversation_id:path>/tracker/events POST                           append_events
/webhooks/rasa                                     GET                            custom_webhook_RasaChatInput.health
/webhooks/rasa/webhook                             POST                           custom_webhook_RasaChatInput.receive
/webhooks/rest                                     GET                            custom_webhook_RestInput.health
/webhooks/rest/webhook                             POST                           custom_webhook_RestInput.receive
/model/test/intents                                POST                           evaluate_intents
/model/test/stories                                POST                           evaluate_stories
/conversations/<conversation_id:path>/execute      POST                           execute_action
/domain                                            GET                            get_domain
/                                                  GET                            hello
/model                                             PUT                            load_model
/model/parse                                       POST                           parse
/conversations/<conversation_id:path>/predict      POST                           predict
/conversations/<conversation_id:path>/tracker/events PUT                            replace_events
/conversations/<conversation_id:path>/story        GET                            retrieve_story
/conversations/<conversation_id:path>/tracker      GET                            retrieve_tracker
/status                                            GET                            status
/model/predict                                     POST                           tracker_predict
/model/train                                       POST                           train
/conversations/<conversation_id:path>/trigger_intent POST                           trigger_intent
/model                                             DELETE                         unload_model
/version                                           GET                            version
2025-06-05 21:44:18,044 [INFO ]  Starting Rasa server on http://0.0.0.0:5005
2025-06-05 21:44:18,044 [DEBUG]  Using the default number of Sanic workers (1).
2025-06-05 21:44:18,104 [DEBUG]  Skipping telemetry reporting: no license hash found.
2025-06-05 21:44:18,117 [DEBUG]  Connected to InMemoryTrackerStore.
2025-06-05 21:44:18,117 [DEBUG]  Connected to lock store 'InMemoryLockStore'.
2025-06-05 21:44:18,117 [DEBUG]  Instantiated NLG to 'TemplatedNaturalLanguageGenerator'.
2025-06-05 21:44:18,118 [INFO ]  Loading model models/20250605-214342-frigid-dioptre.tar.gz...
2025-06-05 21:44:18,157 [DEBUG]  Extracted model to '/tmp/tmpclvot8v9'.
2025-06-05 21:44:18,158 [DEBUG]  Node 'nlu_message_converter' loading 'NLUMessageConverter.load' and kwargs: '{}'.
2025-06-05 21:44:18,158 [DEBUG]  Node 'run_WhitespaceTokenizer0' loading 'WhitespaceTokenizer.load' and kwargs: '{}'.
2025-06-05 21:44:18,159 [DEBUG]  Node 'run_RegexFeaturizer1' loading 'RegexFeaturizer.load' and kwargs: '{}'.
2025-06-05 21:44:18,159 [DEBUG]  Resource 'train_RegexFeaturizer1' was requested for reading.
2025-06-05 21:44:18,159 [DEBUG]  Node 'run_LexicalSyntacticFeaturizer2' loading 'LexicalSyntacticFeaturizer.load' and kwargs: '{}'.
2025-06-05 21:44:18,159 [DEBUG]  Resource 'train_LexicalSyntacticFeaturizer2' was requested for reading.
2025-06-05 21:44:18,159 [DEBUG]  Node 'run_CountVectorsFeaturizer3' loading 'CountVectorsFeaturizer.load' and kwargs: '{}'.
2025-06-05 21:44:18,159 [DEBUG]  Resource 'train_CountVectorsFeaturizer3' was requested for reading.
2025-06-05 21:44:18,160 [DEBUG]  Node 'run_LanguageModelFeaturizer4' loading 'LanguageModelFeaturizer.load' and kwargs: '{}'.
2025-06-05 21:44:18,603 [DEBUG]  Loading Tokenizer and Model for bert
2025-06-05 21:44:18,604 [DEBUG]  Starting new HTTPS connection (1): huggingface.co:443
2025-06-05 21:44:18,859 [DEBUG]  https://huggingface.co:443 "HEAD /bert-base-cased/resolve/main/tokenizer_config.json HTTP/1.1" 200 0
2025-06-05 21:44:19,016 [DEBUG]  https://huggingface.co:443 "GET /api/models/bert-base-cased/tree/main/additional_chat_templates?recursive=False&expand=False HTTP/1.1" 307 139
2025-06-05 21:44:19,174 [DEBUG]  https://huggingface.co:443 "GET /api/models/google-bert/bert-base-cased/tree/main/additional_chat_templates?recursive=False&expand=False HTTP/1.1" 404 64
2025-06-05 21:44:19,359 [DEBUG]  https://huggingface.co:443 "HEAD /bert-base-cased/resolve/main/config.json HTTP/1.1" 200 0
2025-06-05 21:44:20,238 [DEBUG]  Node 'run_DIETClassifier5' loading 'DIETClassifier.load' and kwargs: '{}'.
2025-06-05 21:44:20,238 [DEBUG]  Resource 'train_DIETClassifier5' was requested for reading.
2025-06-05 21:44:20,239 [DEBUG]  Loading the model from /tmp/tmpg1cgauvc/train_DIETClassifier5/DIETClassifier.tf_model with finetune_mode=False...
2025-06-05 21:44:20,249 [DEBUG]  You specified 'DIET' to train entities, but no entities are present in the training data. Skipping training of entities.
2025-06-05 21:44:20,261 [DEBUG]  Following metrics will be logged during training: 
2025-06-05 21:44:20,262 [DEBUG]    t_loss (total loss)
2025-06-05 21:44:20,262 [DEBUG]    i_acc (intent acc)
2025-06-05 21:44:20,262 [DEBUG]    i_loss (intent loss)
2025-06-05 21:44:23,844 [DEBUG]  Finished loading the model.
2025-06-05 21:44:23,844 [DEBUG]  Node 'run_EntitySynonymMapper6' loading 'EntitySynonymMapper.load' and kwargs: '{}'.
2025-06-05 21:44:23,844 [DEBUG]  Resource 'train_EntitySynonymMapper6' was requested for reading.
2025-06-05 21:44:23,845 [DEBUG]  Failed to load ABCMeta from model storage. Resource 'train_EntitySynonymMapper6' doesn't exist.
2025-06-05 21:44:23,845 [DEBUG]  Node 'run_ResponseSelector7' loading 'ResponseSelector.load' and kwargs: '{}'.
2025-06-05 21:44:23,845 [DEBUG]  Resource 'train_ResponseSelector7' was requested for reading.
2025-06-05 21:44:23,845 [DEBUG]  Failed to load ABCMeta from model storage. Resource 'train_ResponseSelector7' doesn't exist.
2025-06-05 21:44:23,845 [DEBUG]  Resource 'train_ResponseSelector7' was requested for reading.
2025-06-05 21:44:23,845 [DEBUG]  Failed to load ResponseSelector from model storage. Resource 'train_ResponseSelector7' doesn't exist.
2025-06-05 21:44:23,845 [DEBUG]  Node 'run_RegexMessageHandler' loading 'RegexMessageHandler.load' and kwargs: '{}'.
2025-06-05 21:44:23,845 [DEBUG]  Node 'domain_provider' loading 'DomainProvider.load' and kwargs: '{}'.
2025-06-05 21:44:23,845 [DEBUG]  Resource 'domain_provider' was requested for reading.
2025-06-05 21:44:23,856 [DEBUG]  Node 'run_MemoizationPolicy0' loading 'MemoizationPolicy.load' and kwargs: '{}'.
2025-06-05 21:44:23,856 [DEBUG]  Resource 'train_MemoizationPolicy0' was requested for reading.
2025-06-05 21:44:23,856 [DEBUG]  Node 'run_RulePolicy1' loading 'RulePolicy.load' and kwargs: '{}'.
2025-06-05 21:44:23,856 [DEBUG]  Resource 'train_RulePolicy1' was requested for reading.
2025-06-05 21:44:23,856 [DEBUG]  Node 'run_TEDPolicy2' loading 'TEDPolicy.load' and kwargs: '{}'.
2025-06-05 21:44:23,856 [DEBUG]  Resource 'train_TEDPolicy2' was requested for reading.
2025-06-05 21:44:23,857 [DEBUG]  Loading the model from /tmp/tmpg1cgauvc/train_TEDPolicy2/ted_policy.tf_model with finetune_mode=False...
2025-06-05 21:44:32,062 [DEBUG]  Finished loading the model.
2025-06-05 21:44:32,062 [DEBUG]  Node 'rule_only_data_provider' loading 'RuleOnlyDataProvider.load' and kwargs: '{}'.
2025-06-05 21:44:32,062 [DEBUG]  Resource 'train_RulePolicy1' was requested for reading.
2025-06-05 21:44:32,062 [DEBUG]  Node 'select_prediction' loading 'DefaultPolicyPredictionEnsemble.load' and kwargs: '{}'.
2025-06-05 21:44:32,063 [INFO ]  Rasa server is up and running.
2025-06-05 21:44:32,064 [INFO ]  Enabling coroutine debugging. Loop id 303956672.
2025-06-05 21:44:41,427 [DEBUG]  Issuing ticket for conversation 'PractikumStudent'.
2025-06-05 21:44:41,427 [DEBUG]  Acquiring lock for conversation 'PractikumStudent'.
2025-06-05 21:44:41,427 [DEBUG]  Acquired lock for conversation 'PractikumStudent'.
2025-06-05 21:44:41,427 [DEBUG]  Could not find tracker for conversation ID 'PractikumStudent'.
2025-06-05 21:44:41,427 [DEBUG]  No event broker configured. Skipping streaming events.
2025-06-05 21:44:41,428 [DEBUG]  Starting a new session for conversation ID 'PractikumStudent'.
2025-06-05 21:44:41,429 [DEBUG]  [[32m[1mdebug    [0m] [1mprocessor.actions.policy_prediction[0m [36mprediction_events[0m=[35m[][0m
2025-06-05 21:44:41,429 [DEBUG]  [[32m[1mdebug    [0m] [1mprocessor.actions.log         [0m [36maction_name[0m=[35maction_session_start[0m [36mrasa_events[0m=[35m[<rasa.shared.core.events.SessionStarted object at 0x7f5a644f3970>, ActionExecuted(action: action_listen, policy: None, confidence: None)][0m
2025-06-05 21:44:41,429 [DEBUG]  [[32m[1mdebug    [0m] [1mprocessor.slots.log           [0m [36mslot_values[0m=[35m	topic: None
	session_started_metadata: None[0m
2025-06-05 21:44:41,429 [DEBUG]  Running graph with inputs: {'__message__': [<rasa.core.channels.channel.UserMessage object at 0x7f5a644f0f70>], '__tracker__': <rasa.shared.core.trackers.DialogueStateTracker object at 0x7f5a644f28f0>}, targets: ['run_RegexMessageHandler'] and ExecutionContext(model_id='58482a92fc004fc18a3dc1daf0d57138', should_add_diagnostic_data=False, is_finetuning=False, node_name=None).
2025-06-05 21:44:41,430 [DEBUG]  Node 'nlu_message_converter' running 'NLUMessageConverter.convert_user_message'.
2025-06-05 21:44:41,430 [DEBUG]  Node 'run_WhitespaceTokenizer0' running 'WhitespaceTokenizer.process'.
2025-06-05 21:44:41,431 [DEBUG]  Node 'run_RegexFeaturizer1' running 'RegexFeaturizer.process'.
2025-06-05 21:44:41,431 [DEBUG]  Node 'run_LexicalSyntacticFeaturizer2' running 'LexicalSyntacticFeaturizer.process'.
2025-06-05 21:44:41,431 [DEBUG]  Node 'run_CountVectorsFeaturizer3' running 'CountVectorsFeaturizer.process'.
2025-06-05 21:44:41,432 [DEBUG]  Node 'run_LanguageModelFeaturizer4' running 'LanguageModelFeaturizer.process'.
2025-06-05 21:44:41,551 [DEBUG]  Node 'run_DIETClassifier5' running 'DIETClassifier.process'.
2025-06-05 21:44:41,621 [DEBUG]  Node 'run_EntitySynonymMapper6' running 'EntitySynonymMapper.process'.
2025-06-05 21:44:41,621 [DEBUG]  Node 'run_ResponseSelector7' running 'ResponseSelector.process'.
2025-06-05 21:44:41,621 [DEBUG]  There is no trained model for 'ResponseSelector': The component is either not trained or didn't receive enough training data.
2025-06-05 21:44:41,621 [DEBUG]  Adding following selector key to message property: default
2025-06-05 21:44:41,621 [DEBUG]  Node 'domain_provider' running 'DomainProvider.provide_inference'.
2025-06-05 21:44:41,621 [DEBUG]  Node 'run_RegexMessageHandler' running 'RegexMessageHandler.process'.
2025-06-05 21:44:41,621 [DEBUG]  [[32m[1mdebug    [0m] [1mprocessor.message.parse       [0m [36mparse_data_entities[0m=[35m[][0m [36mparse_data_intent[0m=[35m{'name': 'greet', 'confidence': 0.9099090695381165}[0m [36mparse_data_text[0m=[35mПривет[0m
2025-06-05 21:44:41,622 [DEBUG]  Logged UserUtterance - tracker now has 4 events.
2025-06-05 21:44:41,622 [DEBUG]  Validating extracted slots: topic
2025-06-05 21:44:41,622 [DEBUG]  [[32m[1mdebug    [0m] [1mprocessor.extract.slots       [0m [36maction_extract_slot[0m=[35maction_extract_slots[0m [36mlen_extraction_events[0m=[35m1[0m [36mrasa_events[0m=[35m[SlotSet(key: topic, value: Привет)][0m
2025-06-05 21:44:41,622 [DEBUG]  Running graph with inputs: {'__tracker__': <rasa.shared.core.trackers.DialogueStateTracker object at 0x7f5a644f28f0>}, targets: ['select_prediction'] and ExecutionContext(model_id='58482a92fc004fc18a3dc1daf0d57138', should_add_diagnostic_data=False, is_finetuning=False, node_name=None).
2025-06-05 21:44:41,623 [DEBUG]  Node 'rule_only_data_provider' running 'RuleOnlyDataProvider.provide'.
2025-06-05 21:44:41,623 [DEBUG]  Node 'domain_provider' running 'DomainProvider.provide_inference'.
2025-06-05 21:44:41,623 [DEBUG]  Node 'run_MemoizationPolicy0' running 'MemoizationPolicy.predict_action_probabilities'.
2025-06-05 21:44:41,623 [DEBUG]  [[32m[1mdebug    [0m] [1mmemoization.predict.actions   [0m [36mtracker_states[0m=[35m[{}, {'user': {'intent': 'greet'}, 'prev_action': {'action_name': 'action_listen'}}][0m
2025-06-05 21:44:41,623 [DEBUG]  There is a memorised next action 'utter_greet'
2025-06-05 21:44:41,623 [DEBUG]  Node 'run_RulePolicy1' running 'RulePolicy.predict_action_probabilities'.
2025-06-05 21:44:41,623 [DEBUG]  [[32m[1mdebug    [0m] [1mrule_policy.actions.find      [0m [36mcurrent_states[0m=[35m
[state 1] user text: Привет | previous action name: action_listen[0m
2025-06-05 21:44:41,624 [DEBUG]  There is no applicable rule.
2025-06-05 21:44:41,624 [DEBUG]  [[32m[1mdebug    [0m] [1mrule_policy.actions.find      [0m [36mcurrent_states[0m=[35m
[state 1] user intent: greet | previous action name: action_listen[0m
2025-06-05 21:44:41,624 [DEBUG]  There is a rule for the next action 'utter_greet'.
2025-06-05 21:44:41,624 [DEBUG]  Node 'run_TEDPolicy2' running 'TEDPolicy.predict_action_probabilities'.
2025-06-05 21:44:41,627 [DEBUG]  TED predicted 'utter_greet' based on user intent.
2025-06-05 21:44:41,628 [DEBUG]  Node 'select_prediction' running 'DefaultPolicyPredictionEnsemble.combine_predictions_from_kwargs'.
2025-06-05 21:44:41,628 [DEBUG]  Made prediction using user intent.
2025-06-05 21:44:41,628 [DEBUG]  Added `DefinePrevUserUtteredFeaturization(False)` event.
2025-06-05 21:44:41,628 [DEBUG]  Predicted next action using RulePolicy.
2025-06-05 21:44:41,628 [DEBUG]  Predicted next action 'utter_greet' with confidence 1.00.
2025-06-05 21:44:41,628 [DEBUG]  [[32m[1mdebug    [0m] [1mprocessor.actions.policy_prediction[0m [36mprediction_events[0m=[35m[<rasa.shared.core.events.DefinePrevUserUtteredFeaturization object at 0x7f5a6441a470>][0m
2025-06-05 21:44:41,629 [DEBUG]  [[32m[1mdebug    [0m] [1mprocessor.actions.log         [0m [36maction_name[0m=[35mutter_greet[0m [36mrasa_events[0m=[35m[BotUttered('Привет! Чем могу помочь в области архитектуры программного обеспечения?', {"elements": null, "quick_replies": null, "buttons": null, "attachment": null, "image": null, "custom": null}, {"utter_action": "utter_greet"}, 1749149081.628701)][0m
2025-06-05 21:44:41,629 [DEBUG]  Running graph with inputs: {'__tracker__': <rasa.shared.core.trackers.DialogueStateTracker object at 0x7f5a644f28f0>}, targets: ['select_prediction'] and ExecutionContext(model_id='58482a92fc004fc18a3dc1daf0d57138', should_add_diagnostic_data=False, is_finetuning=False, node_name=None).
2025-06-05 21:44:41,629 [DEBUG]  Node 'rule_only_data_provider' running 'RuleOnlyDataProvider.provide'.
2025-06-05 21:44:41,629 [DEBUG]  Node 'domain_provider' running 'DomainProvider.provide_inference'.
2025-06-05 21:44:41,629 [DEBUG]  Node 'run_MemoizationPolicy0' running 'MemoizationPolicy.predict_action_probabilities'.
2025-06-05 21:44:41,629 [DEBUG]  [[32m[1mdebug    [0m] [1mmemoization.predict.actions   [0m [36mtracker_states[0m=[35m[{'user': {'intent': 'greet'}, 'prev_action': {'action_name': 'action_listen'}}, {'user': {'intent': 'greet'}, 'prev_action': {'action_name': 'utter_greet'}}][0m
2025-06-05 21:44:41,629 [DEBUG]  There is a memorised next action 'action_listen'
2025-06-05 21:44:41,630 [DEBUG]  Node 'run_RulePolicy1' running 'RulePolicy.predict_action_probabilities'.
2025-06-05 21:44:41,630 [DEBUG]  [[32m[1mdebug    [0m] [1mrule_policy.actions.find      [0m [36mcurrent_states[0m=[35m
[state 1] user intent: greet | previous action name: action_listen
[state 2] user intent: greet | previous action name: utter_greet[0m
2025-06-05 21:44:41,630 [DEBUG]  There is a rule for the next action 'action_listen'.
2025-06-05 21:44:41,630 [DEBUG]  Node 'run_TEDPolicy2' running 'TEDPolicy.predict_action_probabilities'.
2025-06-05 21:44:41,633 [DEBUG]  TED predicted 'action_listen' based on user intent.
2025-06-05 21:44:41,633 [DEBUG]  Node 'select_prediction' running 'DefaultPolicyPredictionEnsemble.combine_predictions_from_kwargs'.
2025-06-05 21:44:41,633 [DEBUG]  Predicted next action using RulePolicy.
2025-06-05 21:44:41,633 [DEBUG]  Predicted next action 'action_listen' with confidence 1.00.
2025-06-05 21:44:41,633 [DEBUG]  [[32m[1mdebug    [0m] [1mprocessor.actions.policy_prediction[0m [36mprediction_events[0m=[35m[][0m
2025-06-05 21:44:41,633 [DEBUG]  [[32m[1mdebug    [0m] [1mprocessor.actions.log         [0m [36maction_name[0m=[35maction_listen[0m [36mrasa_events[0m=[35m[][0m
2025-06-05 21:44:41,633 [DEBUG]  No event broker configured. Skipping streaming events.
2025-06-05 21:44:41,634 [DEBUG]  Deleted lock for conversation 'PractikumStudent'.
2025-06-05 21:44:53,899 [DEBUG]  Issuing ticket for conversation 'PractikumStudent'.
2025-06-05 21:44:53,899 [DEBUG]  Acquiring lock for conversation 'PractikumStudent'.
2025-06-05 21:44:53,899 [DEBUG]  Acquired lock for conversation 'PractikumStudent'.
2025-06-05 21:44:53,899 [DEBUG]  Recreating tracker for id 'PractikumStudent'
2025-06-05 21:44:53,900 [DEBUG]  Running graph with inputs: {'__message__': [<rasa.core.channels.channel.UserMessage object at 0x7f5a644f2290>], '__tracker__': <rasa.shared.core.trackers.DialogueStateTracker object at 0x7f5a644f3730>}, targets: ['run_RegexMessageHandler'] and ExecutionContext(model_id='58482a92fc004fc18a3dc1daf0d57138', should_add_diagnostic_data=False, is_finetuning=False, node_name=None).
2025-06-05 21:44:53,900 [DEBUG]  Node 'nlu_message_converter' running 'NLUMessageConverter.convert_user_message'.
2025-06-05 21:44:53,901 [DEBUG]  Node 'run_WhitespaceTokenizer0' running 'WhitespaceTokenizer.process'.
2025-06-05 21:44:53,901 [DEBUG]  Node 'run_RegexFeaturizer1' running 'RegexFeaturizer.process'.
2025-06-05 21:44:53,901 [DEBUG]  Node 'run_LexicalSyntacticFeaturizer2' running 'LexicalSyntacticFeaturizer.process'.
2025-06-05 21:44:53,901 [DEBUG]  Node 'run_CountVectorsFeaturizer3' running 'CountVectorsFeaturizer.process'.
2025-06-05 21:44:53,902 [DEBUG]  Node 'run_LanguageModelFeaturizer4' running 'LanguageModelFeaturizer.process'.
2025-06-05 21:44:54,034 [DEBUG]  Node 'run_DIETClassifier5' running 'DIETClassifier.process'.
2025-06-05 21:44:54,038 [DEBUG]  Node 'run_EntitySynonymMapper6' running 'EntitySynonymMapper.process'.
2025-06-05 21:44:54,039 [DEBUG]  Node 'run_ResponseSelector7' running 'ResponseSelector.process'.
2025-06-05 21:44:54,039 [DEBUG]  There is no trained model for 'ResponseSelector': The component is either not trained or didn't receive enough training data.
2025-06-05 21:44:54,039 [DEBUG]  Adding following selector key to message property: default
2025-06-05 21:44:54,039 [DEBUG]  Node 'domain_provider' running 'DomainProvider.provide_inference'.
2025-06-05 21:44:54,039 [DEBUG]  Node 'run_RegexMessageHandler' running 'RegexMessageHandler.process'.
2025-06-05 21:44:54,039 [DEBUG]  [[32m[1mdebug    [0m] [1mprocessor.message.parse       [0m [36mparse_data_entities[0m=[35m[][0m [36mparse_data_intent[0m=[35m{'name': 'ask_architecture', 'confidence': 0.9591652750968933}[0m [36mparse_data_text[0m=[35mКакие бывают архитектурные стили?[0m
2025-06-05 21:44:54,039 [DEBUG]  Logged UserUtterance - tracker now has 10 events.
2025-06-05 21:44:54,040 [DEBUG]  Validating extracted slots: topic
2025-06-05 21:44:54,040 [DEBUG]  [[32m[1mdebug    [0m] [1mprocessor.extract.slots       [0m [36maction_extract_slot[0m=[35maction_extract_slots[0m [36mlen_extraction_events[0m=[35m1[0m [36mrasa_events[0m=[35m[SlotSet(key: topic, value: Какие бывают архитектурные стили?)][0m
2025-06-05 21:44:54,040 [DEBUG]  Running graph with inputs: {'__tracker__': <rasa.shared.core.trackers.DialogueStateTracker object at 0x7f5a644f3730>}, targets: ['select_prediction'] and ExecutionContext(model_id='58482a92fc004fc18a3dc1daf0d57138', should_add_diagnostic_data=False, is_finetuning=False, node_name=None).
2025-06-05 21:44:54,040 [DEBUG]  Node 'rule_only_data_provider' running 'RuleOnlyDataProvider.provide'.
2025-06-05 21:44:54,040 [DEBUG]  Node 'domain_provider' running 'DomainProvider.provide_inference'.
2025-06-05 21:44:54,040 [DEBUG]  Node 'run_MemoizationPolicy0' running 'MemoizationPolicy.predict_action_probabilities'.
2025-06-05 21:44:54,040 [DEBUG]  [[32m[1mdebug    [0m] [1mmemoization.predict.actions   [0m [36mtracker_states[0m=[35m[{'user': {'intent': 'greet'}, 'prev_action': {'action_name': 'utter_greet'}}, {'user': {'intent': 'ask_architecture'}, 'prev_action': {'action_name': 'action_listen'}}][0m
2025-06-05 21:44:54,041 [DEBUG]  There is a memorised next action 'utter_architecture_response'
2025-06-05 21:44:54,041 [DEBUG]  Node 'run_RulePolicy1' running 'RulePolicy.predict_action_probabilities'.
2025-06-05 21:44:54,041 [DEBUG]  [[32m[1mdebug    [0m] [1mrule_policy.actions.find      [0m [36mcurrent_states[0m=[35m
[state 1] user intent: greet | previous action name: action_listen
[state 2] user intent: greet | previous action name: utter_greet
[state 3] user text: Какие бывают архитектурные стили? | previous action name: action_listen[0m
2025-06-05 21:44:54,041 [DEBUG]  There is no applicable rule.
2025-06-05 21:44:54,041 [DEBUG]  [[32m[1mdebug    [0m] [1mrule_policy.actions.find      [0m [36mcurrent_states[0m=[35m
[state 1] user intent: greet | previous action name: action_listen
[state 2] user intent: greet | previous action name: utter_greet
[state 3] user intent: ask_architecture | previous action name: action_listen[0m
2025-06-05 21:44:54,041 [DEBUG]  There is a rule for the next action 'utter_architecture_response'.
2025-06-05 21:44:54,041 [DEBUG]  Node 'run_TEDPolicy2' running 'TEDPolicy.predict_action_probabilities'.
2025-06-05 21:44:54,044 [DEBUG]  TED predicted 'utter_architecture_response' based on user intent.
2025-06-05 21:44:54,045 [DEBUG]  Node 'select_prediction' running 'DefaultPolicyPredictionEnsemble.combine_predictions_from_kwargs'.
2025-06-05 21:44:54,045 [DEBUG]  Made prediction using user intent.
2025-06-05 21:44:54,045 [DEBUG]  Added `DefinePrevUserUtteredFeaturization(False)` event.
2025-06-05 21:44:54,045 [DEBUG]  Predicted next action using RulePolicy.
2025-06-05 21:44:54,045 [DEBUG]  Predicted next action 'utter_architecture_response' with confidence 1.00.
2025-06-05 21:44:54,045 [DEBUG]  [[32m[1mdebug    [0m] [1mprocessor.actions.policy_prediction[0m [36mprediction_events[0m=[35m[<rasa.shared.core.events.DefinePrevUserUtteredFeaturization object at 0x7f5a644834c0>][0m
2025-06-05 21:44:54,045 [DEBUG]  [[32m[1mdebug    [0m] [1mprocessor.actions.log         [0m [36maction_name[0m=[35mutter_architecture_response[0m [36mrasa_events[0m=[35m[BotUttered('Архитектура ПО включает выбор структур, которые обеспечивают масштабируемость, гибкость и поддерживаемость приложения. Задайте конкретный вопрос по этой теме, и я помогу вам с информацией.', {"elements": null, "quick_replies": null, "buttons": null, "attachment": null, "image": null, "custom": null}, {"utter_action": "utter_architecture_response"}, 1749149094.0455177)][0m
2025-06-05 21:44:54,045 [DEBUG]  Running graph with inputs: {'__tracker__': <rasa.shared.core.trackers.DialogueStateTracker object at 0x7f5a644f3730>}, targets: ['select_prediction'] and ExecutionContext(model_id='58482a92fc004fc18a3dc1daf0d57138', should_add_diagnostic_data=False, is_finetuning=False, node_name=None).
2025-06-05 21:44:54,046 [DEBUG]  Node 'rule_only_data_provider' running 'RuleOnlyDataProvider.provide'.
2025-06-05 21:44:54,046 [DEBUG]  Node 'domain_provider' running 'DomainProvider.provide_inference'.
2025-06-05 21:44:54,046 [DEBUG]  Node 'run_MemoizationPolicy0' running 'MemoizationPolicy.predict_action_probabilities'.
2025-06-05 21:44:54,046 [DEBUG]  [[32m[1mdebug    [0m] [1mmemoization.predict.actions   [0m [36mtracker_states[0m=[35m[{'user': {'intent': 'ask_architecture'}, 'prev_action': {'action_name': 'action_listen'}}, {'user': {'intent': 'ask_architecture'}, 'prev_action': {'action_name': 'utter_architecture_response'}}][0m
2025-06-05 21:44:54,046 [DEBUG]  There is a memorised next action 'action_listen'
2025-06-05 21:44:54,046 [DEBUG]  Node 'run_RulePolicy1' running 'RulePolicy.predict_action_probabilities'.
2025-06-05 21:44:54,046 [DEBUG]  [[32m[1mdebug    [0m] [1mrule_policy.actions.find      [0m [36mcurrent_states[0m=[35m
[state 1] user intent: greet | previous action name: action_listen
[state 2] user intent: greet | previous action name: utter_greet
[state 3] user intent: ask_architecture | previous action name: action_listen
[state 4] user intent: ask_architecture | previous action name: utter_architecture_response[0m
2025-06-05 21:44:54,046 [DEBUG]  There is a rule for the next action 'action_listen'.
2025-06-05 21:44:54,046 [DEBUG]  Node 'run_TEDPolicy2' running 'TEDPolicy.predict_action_probabilities'.
2025-06-05 21:44:54,049 [DEBUG]  TED predicted 'action_listen' based on user intent.
2025-06-05 21:44:54,049 [DEBUG]  Node 'select_prediction' running 'DefaultPolicyPredictionEnsemble.combine_predictions_from_kwargs'.
2025-06-05 21:44:54,049 [DEBUG]  Predicted next action using RulePolicy.
2025-06-05 21:44:54,049 [DEBUG]  Predicted next action 'action_listen' with confidence 1.00.
2025-06-05 21:44:54,049 [DEBUG]  [[32m[1mdebug    [0m] [1mprocessor.actions.policy_prediction[0m [36mprediction_events[0m=[35m[][0m
2025-06-05 21:44:54,049 [DEBUG]  [[32m[1mdebug    [0m] [1mprocessor.actions.log         [0m [36maction_name[0m=[35maction_listen[0m [36mrasa_events[0m=[35m[][0m
2025-06-05 21:44:54,049 [DEBUG]  No event broker configured. Skipping streaming events.
2025-06-05 21:44:54,050 [DEBUG]  Deleted lock for conversation 'PractikumStudent'.
2025-06-05 21:45:07,241 [DEBUG]  Issuing ticket for conversation 'PractikumStudent'.
2025-06-05 21:45:07,241 [DEBUG]  Acquiring lock for conversation 'PractikumStudent'.
2025-06-05 21:45:07,241 [DEBUG]  Acquired lock for conversation 'PractikumStudent'.
2025-06-05 21:45:07,241 [DEBUG]  Recreating tracker for id 'PractikumStudent'
2025-06-05 21:45:07,242 [DEBUG]  Running graph with inputs: {'__message__': [<rasa.core.channels.channel.UserMessage object at 0x7f5a644f2290>], '__tracker__': <rasa.shared.core.trackers.DialogueStateTracker object at 0x7f5a644f3730>}, targets: ['run_RegexMessageHandler'] and ExecutionContext(model_id='58482a92fc004fc18a3dc1daf0d57138', should_add_diagnostic_data=False, is_finetuning=False, node_name=None).
2025-06-05 21:45:07,242 [DEBUG]  Node 'nlu_message_converter' running 'NLUMessageConverter.convert_user_message'.
2025-06-05 21:45:07,242 [DEBUG]  Node 'run_WhitespaceTokenizer0' running 'WhitespaceTokenizer.process'.
2025-06-05 21:45:07,242 [DEBUG]  Node 'run_RegexFeaturizer1' running 'RegexFeaturizer.process'.
2025-06-05 21:45:07,243 [DEBUG]  Node 'run_LexicalSyntacticFeaturizer2' running 'LexicalSyntacticFeaturizer.process'.
2025-06-05 21:45:07,243 [DEBUG]  Node 'run_CountVectorsFeaturizer3' running 'CountVectorsFeaturizer.process'.
2025-06-05 21:45:07,244 [DEBUG]  Node 'run_LanguageModelFeaturizer4' running 'LanguageModelFeaturizer.process'.
2025-06-05 21:45:07,351 [DEBUG]  Node 'run_DIETClassifier5' running 'DIETClassifier.process'.
2025-06-05 21:45:07,356 [DEBUG]  Node 'run_EntitySynonymMapper6' running 'EntitySynonymMapper.process'.
2025-06-05 21:45:07,356 [DEBUG]  Node 'run_ResponseSelector7' running 'ResponseSelector.process'.
2025-06-05 21:45:07,356 [DEBUG]  There is no trained model for 'ResponseSelector': The component is either not trained or didn't receive enough training data.
2025-06-05 21:45:07,356 [DEBUG]  Adding following selector key to message property: default
2025-06-05 21:45:07,356 [DEBUG]  Node 'domain_provider' running 'DomainProvider.provide_inference'.
2025-06-05 21:45:07,356 [DEBUG]  Node 'run_RegexMessageHandler' running 'RegexMessageHandler.process'.
2025-06-05 21:45:07,356 [DEBUG]  [[32m[1mdebug    [0m] [1mprocessor.message.parse       [0m [36mparse_data_entities[0m=[35m[][0m [36mparse_data_intent[0m=[35m{'name': 'ask_microservices', 'confidence': 0.4411856532096863}[0m [36mparse_data_text[0m=[35mЧто такое микросервисы?[0m
2025-06-05 21:45:07,357 [DEBUG]  Logged UserUtterance - tracker now has 16 events.
2025-06-05 21:45:07,357 [DEBUG]  Validating extracted slots: topic
2025-06-05 21:45:07,357 [DEBUG]  [[32m[1mdebug    [0m] [1mprocessor.extract.slots       [0m [36maction_extract_slot[0m=[35maction_extract_slots[0m [36mlen_extraction_events[0m=[35m1[0m [36mrasa_events[0m=[35m[SlotSet(key: topic, value: Что такое микросервисы?)][0m
2025-06-05 21:45:07,357 [DEBUG]  Running graph with inputs: {'__tracker__': <rasa.shared.core.trackers.DialogueStateTracker object at 0x7f5a644f3730>}, targets: ['select_prediction'] and ExecutionContext(model_id='58482a92fc004fc18a3dc1daf0d57138', should_add_diagnostic_data=False, is_finetuning=False, node_name=None).
2025-06-05 21:45:07,357 [DEBUG]  Node 'rule_only_data_provider' running 'RuleOnlyDataProvider.provide'.
2025-06-05 21:45:07,357 [DEBUG]  Node 'domain_provider' running 'DomainProvider.provide_inference'.
2025-06-05 21:45:07,357 [DEBUG]  Node 'run_MemoizationPolicy0' running 'MemoizationPolicy.predict_action_probabilities'.
2025-06-05 21:45:07,358 [DEBUG]  [[32m[1mdebug    [0m] [1mmemoization.predict.actions   [0m [36mtracker_states[0m=[35m[{'user': {'intent': 'ask_architecture'}, 'prev_action': {'action_name': 'utter_architecture_response'}}, {'user': {'intent': 'ask_microservices'}, 'prev_action': {'action_name': 'action_listen'}}][0m
2025-06-05 21:45:07,358 [DEBUG]  There is no memorised next action
2025-06-05 21:45:07,358 [DEBUG]  Node 'run_RulePolicy1' running 'RulePolicy.predict_action_probabilities'.
2025-06-05 21:45:07,358 [DEBUG]  [[32m[1mdebug    [0m] [1mrule_policy.actions.find      [0m [36mcurrent_states[0m=[35m
[state 1] user intent: greet | previous action name: action_listen
[state 2] user intent: greet | previous action name: utter_greet
[state 3] user intent: ask_architecture | previous action name: action_listen
[state 4] user intent: ask_architecture | previous action name: utter_architecture_response
[state 5] user text: Что такое микросервисы? | previous action name: action_listen[0m
2025-06-05 21:45:07,358 [DEBUG]  There is no applicable rule.
2025-06-05 21:45:07,358 [DEBUG]  [[32m[1mdebug    [0m] [1mrule_policy.actions.find      [0m [36mcurrent_states[0m=[35m
[state 1] user intent: greet | previous action name: action_listen
[state 2] user intent: greet | previous action name: utter_greet
[state 3] user intent: ask_architecture | previous action name: action_listen
[state 4] user intent: ask_architecture | previous action name: utter_architecture_response
[state 5] user intent: ask_microservices | previous action name: action_listen[0m
2025-06-05 21:45:07,358 [DEBUG]  There is a rule for the next action 'utter_microservices'.
2025-06-05 21:45:07,358 [DEBUG]  Node 'run_TEDPolicy2' running 'TEDPolicy.predict_action_probabilities'.
2025-06-05 21:45:07,362 [DEBUG]  TED predicted 'utter_architecture_response' based on user intent.
2025-06-05 21:45:07,362 [DEBUG]  Node 'select_prediction' running 'DefaultPolicyPredictionEnsemble.combine_predictions_from_kwargs'.
2025-06-05 21:45:07,362 [DEBUG]  Made prediction using user intent.
2025-06-05 21:45:07,362 [DEBUG]  Added `DefinePrevUserUtteredFeaturization(False)` event.
2025-06-05 21:45:07,362 [DEBUG]  Predicted next action using RulePolicy.
2025-06-05 21:45:07,362 [DEBUG]  Predicted next action 'utter_microservices' with confidence 1.00.
2025-06-05 21:45:07,363 [DEBUG]  [[32m[1mdebug    [0m] [1mprocessor.actions.policy_prediction[0m [36mprediction_events[0m=[35m[<rasa.shared.core.events.DefinePrevUserUtteredFeaturization object at 0x7f5a64483a30>][0m
2025-06-05 21:45:07,363 [DEBUG]  [[32m[1mdebug    [0m] [1mprocessor.actions.log         [0m [36maction_name[0m=[35mutter_microservices[0m [36mrasa_events[0m=[35m[BotUttered('Микросервисная архитектура разделяет систему на независимые сервисы. Это облегчает масштабирование и поддержку, но увеличивает сложность.', {"elements": null, "quick_replies": null, "buttons": null, "attachment": null, "image": null, "custom": null}, {"utter_action": "utter_microservices"}, 1749149107.363037)][0m
2025-06-05 21:45:07,363 [DEBUG]  Running graph with inputs: {'__tracker__': <rasa.shared.core.trackers.DialogueStateTracker object at 0x7f5a644f3730>}, targets: ['select_prediction'] and ExecutionContext(model_id='58482a92fc004fc18a3dc1daf0d57138', should_add_diagnostic_data=False, is_finetuning=False, node_name=None).
2025-06-05 21:45:07,363 [DEBUG]  Node 'rule_only_data_provider' running 'RuleOnlyDataProvider.provide'.
2025-06-05 21:45:07,363 [DEBUG]  Node 'domain_provider' running 'DomainProvider.provide_inference'.
2025-06-05 21:45:07,363 [DEBUG]  Node 'run_MemoizationPolicy0' running 'MemoizationPolicy.predict_action_probabilities'.
2025-06-05 21:45:07,364 [DEBUG]  [[32m[1mdebug    [0m] [1mmemoization.predict.actions   [0m [36mtracker_states[0m=[35m[{'user': {'intent': 'ask_architecture'}, 'prev_action': {'action_name': 'utter_architecture_response'}}, {'user': {'intent': 'ask_architecture'}, 'prev_action': {'action_name': 'action_listen'}}][0m
2025-06-05 21:45:07,364 [DEBUG]  There is no memorised next action
2025-06-05 21:45:07,364 [DEBUG]  Node 'run_RulePolicy1' running 'RulePolicy.predict_action_probabilities'.
2025-06-05 21:45:07,364 [DEBUG]  [[32m[1mdebug    [0m] [1mrule_policy.actions.find      [0m [36mcurrent_states[0m=[35m
[state 1] user intent: greet | previous action name: action_listen
[state 2] user intent: greet | previous action name: utter_greet
[state 3] user intent: ask_architecture | previous action name: action_listen
[state 4] user intent: ask_architecture | previous action name: utter_architecture_response
[state 5] user intent: ask_microservices | previous action name: action_listen
[state 6] user intent: ask_microservices | previous action name: utter_microservices[0m
2025-06-05 21:45:07,364 [DEBUG]  There is a rule for the next action 'action_listen'.
2025-06-05 21:45:07,364 [DEBUG]  Node 'run_TEDPolicy2' running 'TEDPolicy.predict_action_probabilities'.
2025-06-05 21:45:07,367 [DEBUG]  TED predicted 'utter_architecture_response' based on user intent.
2025-06-05 21:45:07,367 [DEBUG]  Node 'select_prediction' running 'DefaultPolicyPredictionEnsemble.combine_predictions_from_kwargs'.
2025-06-05 21:45:07,367 [DEBUG]  Predicted next action using RulePolicy.
2025-06-05 21:45:07,367 [DEBUG]  Predicted next action 'action_listen' with confidence 1.00.
2025-06-05 21:45:07,368 [DEBUG]  [[32m[1mdebug    [0m] [1mprocessor.actions.policy_prediction[0m [36mprediction_events[0m=[35m[][0m
2025-06-05 21:45:07,368 [DEBUG]  [[32m[1mdebug    [0m] [1mprocessor.actions.log         [0m [36maction_name[0m=[35maction_listen[0m [36mrasa_events[0m=[35m[][0m
2025-06-05 21:45:07,368 [DEBUG]  No event broker configured. Skipping streaming events.
2025-06-05 21:45:07,368 [DEBUG]  Deleted lock for conversation 'PractikumStudent'.
2025-06-05 21:45:21,644 [DEBUG]  Issuing ticket for conversation 'PractikumStudent'.
2025-06-05 21:45:21,645 [DEBUG]  Acquiring lock for conversation 'PractikumStudent'.
2025-06-05 21:45:21,645 [DEBUG]  Acquired lock for conversation 'PractikumStudent'.
2025-06-05 21:45:21,645 [DEBUG]  Recreating tracker for id 'PractikumStudent'
2025-06-05 21:45:21,646 [DEBUG]  Running graph with inputs: {'__message__': [<rasa.core.channels.channel.UserMessage object at 0x7f5a644f2290>], '__tracker__': <rasa.shared.core.trackers.DialogueStateTracker object at 0x7f5a644f1cf0>}, targets: ['run_RegexMessageHandler'] and ExecutionContext(model_id='58482a92fc004fc18a3dc1daf0d57138', should_add_diagnostic_data=False, is_finetuning=False, node_name=None).
2025-06-05 21:45:21,646 [DEBUG]  Node 'nlu_message_converter' running 'NLUMessageConverter.convert_user_message'.
2025-06-05 21:45:21,646 [DEBUG]  Node 'run_WhitespaceTokenizer0' running 'WhitespaceTokenizer.process'.
2025-06-05 21:45:21,646 [DEBUG]  Node 'run_RegexFeaturizer1' running 'RegexFeaturizer.process'.
2025-06-05 21:45:21,647 [DEBUG]  Node 'run_LexicalSyntacticFeaturizer2' running 'LexicalSyntacticFeaturizer.process'.
2025-06-05 21:45:21,647 [DEBUG]  Node 'run_CountVectorsFeaturizer3' running 'CountVectorsFeaturizer.process'.
2025-06-05 21:45:21,647 [DEBUG]  Node 'run_LanguageModelFeaturizer4' running 'LanguageModelFeaturizer.process'.
2025-06-05 21:45:21,768 [DEBUG]  Node 'run_DIETClassifier5' running 'DIETClassifier.process'.
2025-06-05 21:45:21,771 [DEBUG]  Node 'run_EntitySynonymMapper6' running 'EntitySynonymMapper.process'.
2025-06-05 21:45:21,771 [DEBUG]  Node 'run_ResponseSelector7' running 'ResponseSelector.process'.
2025-06-05 21:45:21,771 [DEBUG]  There is no trained model for 'ResponseSelector': The component is either not trained or didn't receive enough training data.
2025-06-05 21:45:21,771 [DEBUG]  Adding following selector key to message property: default
2025-06-05 21:45:21,771 [DEBUG]  Node 'domain_provider' running 'DomainProvider.provide_inference'.
2025-06-05 21:45:21,771 [DEBUG]  Node 'run_RegexMessageHandler' running 'RegexMessageHandler.process'.
2025-06-05 21:45:21,771 [DEBUG]  [[32m[1mdebug    [0m] [1mprocessor.message.parse       [0m [36mparse_data_entities[0m=[35m[][0m [36mparse_data_intent[0m=[35m{'name': 'request_info', 'confidence': 0.9705433249473572}[0m [36mparse_data_text[0m=[35mРасскажите больше об этом[0m
2025-06-05 21:45:21,772 [DEBUG]  Logged UserUtterance - tracker now has 22 events.
2025-06-05 21:45:21,772 [DEBUG]  Validating extracted slots: topic
2025-06-05 21:45:21,772 [DEBUG]  [[32m[1mdebug    [0m] [1mprocessor.extract.slots       [0m [36maction_extract_slot[0m=[35maction_extract_slots[0m [36mlen_extraction_events[0m=[35m1[0m [36mrasa_events[0m=[35m[SlotSet(key: topic, value: Расскажите больше об этом)][0m
2025-06-05 21:45:21,772 [DEBUG]  Running graph with inputs: {'__tracker__': <rasa.shared.core.trackers.DialogueStateTracker object at 0x7f5a644f1cf0>}, targets: ['select_prediction'] and ExecutionContext(model_id='58482a92fc004fc18a3dc1daf0d57138', should_add_diagnostic_data=False, is_finetuning=False, node_name=None).
2025-06-05 21:45:21,772 [DEBUG]  Node 'rule_only_data_provider' running 'RuleOnlyDataProvider.provide'.
2025-06-05 21:45:21,772 [DEBUG]  Node 'domain_provider' running 'DomainProvider.provide_inference'.
2025-06-05 21:45:21,772 [DEBUG]  Node 'run_MemoizationPolicy0' running 'MemoizationPolicy.predict_action_probabilities'.
2025-06-05 21:45:21,772 [DEBUG]  [[32m[1mdebug    [0m] [1mmemoization.predict.actions   [0m [36mtracker_states[0m=[35m[{'user': {'intent': 'ask_architecture'}, 'prev_action': {'action_name': 'utter_architecture_response'}}, {'user': {'intent': 'request_info'}, 'prev_action': {'action_name': 'action_listen'}}][0m
2025-06-05 21:45:21,772 [DEBUG]  There is no memorised next action
2025-06-05 21:45:21,773 [DEBUG]  Node 'run_RulePolicy1' running 'RulePolicy.predict_action_probabilities'.
2025-06-05 21:45:21,773 [DEBUG]  [[32m[1mdebug    [0m] [1mrule_policy.actions.find      [0m [36mcurrent_states[0m=[35m
[state 1] user intent: greet | previous action name: action_listen
[state 2] user intent: greet | previous action name: utter_greet
[state 3] user intent: ask_architecture | previous action name: action_listen
[state 4] user intent: ask_architecture | previous action name: utter_architecture_response
[state 5] user intent: ask_microservices | previous action name: action_listen
[state 6] user intent: ask_microservices | previous action name: utter_microservices
[state 7] user text: Расскажите больше об этом | previous action name: action_listen[0m
2025-06-05 21:45:21,773 [DEBUG]  There is no applicable rule.
2025-06-05 21:45:21,773 [DEBUG]  [[32m[1mdebug    [0m] [1mrule_policy.actions.find      [0m [36mcurrent_states[0m=[35m
[state 1] user intent: greet | previous action name: action_listen
[state 2] user intent: greet | previous action name: utter_greet
[state 3] user intent: ask_architecture | previous action name: action_listen
[state 4] user intent: ask_architecture | previous action name: utter_architecture_response
[state 5] user intent: ask_microservices | previous action name: action_listen
[state 6] user intent: ask_microservices | previous action name: utter_microservices
[state 7] user intent: request_info | previous action name: action_listen[0m
2025-06-05 21:45:21,773 [DEBUG]  There is a rule for the next action 'utter_ask_more'.
2025-06-05 21:45:21,773 [DEBUG]  Node 'run_TEDPolicy2' running 'TEDPolicy.predict_action_probabilities'.
2025-06-05 21:45:21,776 [DEBUG]  TED predicted 'utter_ask_more' based on user intent.
2025-06-05 21:45:21,776 [DEBUG]  Node 'select_prediction' running 'DefaultPolicyPredictionEnsemble.combine_predictions_from_kwargs'.
2025-06-05 21:45:21,776 [DEBUG]  Made prediction using user intent.
2025-06-05 21:45:21,776 [DEBUG]  Added `DefinePrevUserUtteredFeaturization(False)` event.
2025-06-05 21:45:21,776 [DEBUG]  Predicted next action using RulePolicy.
2025-06-05 21:45:21,776 [DEBUG]  Predicted next action 'utter_ask_more' with confidence 1.00.
2025-06-05 21:45:21,777 [DEBUG]  [[32m[1mdebug    [0m] [1mprocessor.actions.policy_prediction[0m [36mprediction_events[0m=[35m[<rasa.shared.core.events.DefinePrevUserUtteredFeaturization object at 0x7f5a64483970>][0m
2025-06-05 21:45:21,777 [DEBUG]  [[32m[1mdebug    [0m] [1mprocessor.actions.log         [0m [36maction_name[0m=[35mutter_ask_more[0m [36mrasa_events[0m=[35m[BotUttered('Что именно вас интересует в архитектуре программного обеспечения?', {"elements": null, "quick_replies": null, "buttons": null, "attachment": null, "image": null, "custom": null}, {"utter_action": "utter_ask_more"}, 1749149121.7769678)][0m
2025-06-05 21:45:21,777 [DEBUG]  Running graph with inputs: {'__tracker__': <rasa.shared.core.trackers.DialogueStateTracker object at 0x7f5a644f1cf0>}, targets: ['select_prediction'] and ExecutionContext(model_id='58482a92fc004fc18a3dc1daf0d57138', should_add_diagnostic_data=False, is_finetuning=False, node_name=None).
2025-06-05 21:45:21,777 [DEBUG]  Node 'rule_only_data_provider' running 'RuleOnlyDataProvider.provide'.
2025-06-05 21:45:21,777 [DEBUG]  Node 'domain_provider' running 'DomainProvider.provide_inference'.
2025-06-05 21:45:21,777 [DEBUG]  Node 'run_MemoizationPolicy0' running 'MemoizationPolicy.predict_action_probabilities'.
2025-06-05 21:45:21,777 [DEBUG]  [[32m[1mdebug    [0m] [1mmemoization.predict.actions   [0m [36mtracker_states[0m=[35m[{'user': {'intent': 'request_info'}, 'prev_action': {'action_name': 'action_listen'}}, {'user': {'intent': 'request_info'}, 'prev_action': {'action_name': 'utter_ask_more'}}][0m
2025-06-05 21:45:21,777 [DEBUG]  There is a memorised next action 'action_listen'
2025-06-05 21:45:21,777 [DEBUG]  Node 'run_RulePolicy1' running 'RulePolicy.predict_action_probabilities'.
2025-06-05 21:45:21,778 [DEBUG]  [[32m[1mdebug    [0m] [1mrule_policy.actions.find      [0m [36mcurrent_states[0m=[35m
[state 1] user intent: greet | previous action name: action_listen
[state 2] user intent: greet | previous action name: utter_greet
[state 3] user intent: ask_architecture | previous action name: action_listen
[state 4] user intent: ask_architecture | previous action name: utter_architecture_response
[state 5] user intent: ask_microservices | previous action name: action_listen
[state 6] user intent: ask_microservices | previous action name: utter_microservices
[state 7] user intent: request_info | previous action name: action_listen
[state 8] user intent: request_info | previous action name: utter_ask_more[0m
2025-06-05 21:45:21,778 [DEBUG]  There is a rule for the next action 'action_listen'.
2025-06-05 21:45:21,778 [DEBUG]  Node 'run_TEDPolicy2' running 'TEDPolicy.predict_action_probabilities'.
2025-06-05 21:45:21,780 [DEBUG]  TED predicted 'action_listen' based on user intent.
2025-06-05 21:45:21,780 [DEBUG]  Node 'select_prediction' running 'DefaultPolicyPredictionEnsemble.combine_predictions_from_kwargs'.
2025-06-05 21:45:21,780 [DEBUG]  Predicted next action using RulePolicy.
2025-06-05 21:45:21,780 [DEBUG]  Predicted next action 'action_listen' with confidence 1.00.
2025-06-05 21:45:21,781 [DEBUG]  [[32m[1mdebug    [0m] [1mprocessor.actions.policy_prediction[0m [36mprediction_events[0m=[35m[][0m
2025-06-05 21:45:21,781 [DEBUG]  [[32m[1mdebug    [0m] [1mprocessor.actions.log         [0m [36maction_name[0m=[35maction_listen[0m [36mrasa_events[0m=[35m[][0m
2025-06-05 21:45:21,781 [DEBUG]  No event broker configured. Skipping streaming events.
2025-06-05 21:45:21,781 [DEBUG]  Deleted lock for conversation 'PractikumStudent'.
2025-06-05 21:45:34,402 [DEBUG]  Issuing ticket for conversation 'PractikumStudent'.
2025-06-05 21:45:34,402 [DEBUG]  Acquiring lock for conversation 'PractikumStudent'.
2025-06-05 21:45:34,402 [DEBUG]  Acquired lock for conversation 'PractikumStudent'.
2025-06-05 21:45:34,402 [DEBUG]  Recreating tracker for id 'PractikumStudent'
2025-06-05 21:45:34,403 [DEBUG]  Running graph with inputs: {'__message__': [<rasa.core.channels.channel.UserMessage object at 0x7f5a644f2290>], '__tracker__': <rasa.shared.core.trackers.DialogueStateTracker object at 0x7f5a644f1cf0>}, targets: ['run_RegexMessageHandler'] and ExecutionContext(model_id='58482a92fc004fc18a3dc1daf0d57138', should_add_diagnostic_data=False, is_finetuning=False, node_name=None).
2025-06-05 21:45:34,404 [DEBUG]  Node 'nlu_message_converter' running 'NLUMessageConverter.convert_user_message'.
2025-06-05 21:45:34,404 [DEBUG]  Node 'run_WhitespaceTokenizer0' running 'WhitespaceTokenizer.process'.
2025-06-05 21:45:34,404 [DEBUG]  Node 'run_RegexFeaturizer1' running 'RegexFeaturizer.process'.
2025-06-05 21:45:34,404 [DEBUG]  Node 'run_LexicalSyntacticFeaturizer2' running 'LexicalSyntacticFeaturizer.process'.
2025-06-05 21:45:34,404 [DEBUG]  Node 'run_CountVectorsFeaturizer3' running 'CountVectorsFeaturizer.process'.
2025-06-05 21:45:34,405 [DEBUG]  Node 'run_LanguageModelFeaturizer4' running 'LanguageModelFeaturizer.process'.
2025-06-05 21:45:34,514 [DEBUG]  Node 'run_DIETClassifier5' running 'DIETClassifier.process'.
2025-06-05 21:45:34,518 [DEBUG]  Node 'run_EntitySynonymMapper6' running 'EntitySynonymMapper.process'.
2025-06-05 21:45:34,518 [DEBUG]  Node 'run_ResponseSelector7' running 'ResponseSelector.process'.
2025-06-05 21:45:34,518 [DEBUG]  There is no trained model for 'ResponseSelector': The component is either not trained or didn't receive enough training data.
2025-06-05 21:45:34,518 [DEBUG]  Adding following selector key to message property: default
2025-06-05 21:45:34,518 [DEBUG]  Node 'domain_provider' running 'DomainProvider.provide_inference'.
2025-06-05 21:45:34,518 [DEBUG]  Node 'run_RegexMessageHandler' running 'RegexMessageHandler.process'.
2025-06-05 21:45:34,518 [DEBUG]  [[32m[1mdebug    [0m] [1mprocessor.message.parse       [0m [36mparse_data_entities[0m=[35m[][0m [36mparse_data_intent[0m=[35m{'name': 'ask_best_practices', 'confidence': 0.9967454671859741}[0m [36mparse_data_text[0m=[35mКакие лучшие практики в архитектуре?[0m
2025-06-05 21:45:34,518 [DEBUG]  Logged UserUtterance - tracker now has 28 events.
2025-06-05 21:45:34,518 [DEBUG]  Validating extracted slots: topic
2025-06-05 21:45:34,519 [DEBUG]  [[32m[1mdebug    [0m] [1mprocessor.extract.slots       [0m [36maction_extract_slot[0m=[35maction_extract_slots[0m [36mlen_extraction_events[0m=[35m1[0m [36mrasa_events[0m=[35m[SlotSet(key: topic, value: Какие лучшие практики в архитектуре?)][0m
2025-06-05 21:45:34,519 [DEBUG]  Running graph with inputs: {'__tracker__': <rasa.shared.core.trackers.DialogueStateTracker object at 0x7f5a644f1cf0>}, targets: ['select_prediction'] and ExecutionContext(model_id='58482a92fc004fc18a3dc1daf0d57138', should_add_diagnostic_data=False, is_finetuning=False, node_name=None).
2025-06-05 21:45:34,519 [DEBUG]  Node 'rule_only_data_provider' running 'RuleOnlyDataProvider.provide'.
2025-06-05 21:45:34,519 [DEBUG]  Node 'domain_provider' running 'DomainProvider.provide_inference'.
2025-06-05 21:45:34,519 [DEBUG]  Node 'run_MemoizationPolicy0' running 'MemoizationPolicy.predict_action_probabilities'.
2025-06-05 21:45:34,519 [DEBUG]  [[32m[1mdebug    [0m] [1mmemoization.predict.actions   [0m [36mtracker_states[0m=[35m[{'user': {'intent': 'request_info'}, 'prev_action': {'action_name': 'utter_ask_more'}}, {'user': {'intent': 'ask_best_practices'}, 'prev_action': {'action_name': 'action_listen'}}][0m
2025-06-05 21:45:34,519 [DEBUG]  There is no memorised next action
2025-06-05 21:45:34,519 [DEBUG]  Node 'run_RulePolicy1' running 'RulePolicy.predict_action_probabilities'.
2025-06-05 21:45:34,520 [DEBUG]  [[32m[1mdebug    [0m] [1mrule_policy.actions.find      [0m [36mcurrent_states[0m=[35m
[state 1] user intent: greet | previous action name: action_listen
[state 2] user intent: greet | previous action name: utter_greet
[state 3] user intent: ask_architecture | previous action name: action_listen
[state 4] user intent: ask_architecture | previous action name: utter_architecture_response
[state 5] user intent: ask_microservices | previous action name: action_listen
[state 6] user intent: ask_microservices | previous action name: utter_microservices
[state 7] user intent: request_info | previous action name: action_listen
[state 8] user intent: request_info | previous action name: utter_ask_more
[state 9] user text: Какие лучшие практики в архитектуре? | previous action name: action_listen[0m
2025-06-05 21:45:34,520 [DEBUG]  There is no applicable rule.
2025-06-05 21:45:34,520 [DEBUG]  [[32m[1mdebug    [0m] [1mrule_policy.actions.find      [0m [36mcurrent_states[0m=[35m
[state 1] user intent: greet | previous action name: action_listen
[state 2] user intent: greet | previous action name: utter_greet
[state 3] user intent: ask_architecture | previous action name: action_listen
[state 4] user intent: ask_architecture | previous action name: utter_architecture_response
[state 5] user intent: ask_microservices | previous action name: action_listen
[state 6] user intent: ask_microservices | previous action name: utter_microservices
[state 7] user intent: request_info | previous action name: action_listen
[state 8] user intent: request_info | previous action name: utter_ask_more
[state 9] user intent: ask_best_practices | previous action name: action_listen[0m
2025-06-05 21:45:34,520 [DEBUG]  There is a rule for the next action 'utter_best_practices'.
2025-06-05 21:45:34,520 [DEBUG]  Node 'run_TEDPolicy2' running 'TEDPolicy.predict_action_probabilities'.
2025-06-05 21:45:34,523 [DEBUG]  TED predicted 'utter_architecture_response' based on user intent.
2025-06-05 21:45:34,523 [DEBUG]  Node 'select_prediction' running 'DefaultPolicyPredictionEnsemble.combine_predictions_from_kwargs'.
2025-06-05 21:45:34,523 [DEBUG]  Made prediction using user intent.
2025-06-05 21:45:34,523 [DEBUG]  Added `DefinePrevUserUtteredFeaturization(False)` event.
2025-06-05 21:45:34,523 [DEBUG]  Predicted next action using RulePolicy.
2025-06-05 21:45:34,523 [DEBUG]  Predicted next action 'utter_best_practices' with confidence 1.00.
2025-06-05 21:45:34,523 [DEBUG]  [[32m[1mdebug    [0m] [1mprocessor.actions.policy_prediction[0m [36mprediction_events[0m=[35m[<rasa.shared.core.events.DefinePrevUserUtteredFeaturization object at 0x7f5a644f24a0>][0m
2025-06-05 21:45:34,523 [DEBUG]  [[32m[1mdebug    [0m] [1mprocessor.actions.log         [0m [36maction_name[0m=[35mutter_best_practices[0m [36mrasa_events[0m=[35m[BotUttered('Лучшие практики включают разделение ответственности, использование шаблонов проектирования и проведение архитектурных ревью.', {"elements": null, "quick_replies": null, "buttons": null, "attachment": null, "image": null, "custom": null}, {"utter_action": "utter_best_practices"}, 1749149134.5237978)][0m
2025-06-05 21:45:34,524 [DEBUG]  Running graph with inputs: {'__tracker__': <rasa.shared.core.trackers.DialogueStateTracker object at 0x7f5a644f1cf0>}, targets: ['select_prediction'] and ExecutionContext(model_id='58482a92fc004fc18a3dc1daf0d57138', should_add_diagnostic_data=False, is_finetuning=False, node_name=None).
2025-06-05 21:45:34,524 [DEBUG]  Node 'rule_only_data_provider' running 'RuleOnlyDataProvider.provide'.
2025-06-05 21:45:34,524 [DEBUG]  Node 'domain_provider' running 'DomainProvider.provide_inference'.
2025-06-05 21:45:34,524 [DEBUG]  Node 'run_MemoizationPolicy0' running 'MemoizationPolicy.predict_action_probabilities'.
2025-06-05 21:45:34,524 [DEBUG]  [[32m[1mdebug    [0m] [1mmemoization.predict.actions   [0m [36mtracker_states[0m=[35m[{'user': {'intent': 'request_info'}, 'prev_action': {'action_name': 'utter_ask_more'}}, {'user': {'intent': 'request_info'}, 'prev_action': {'action_name': 'action_listen'}}][0m
2025-06-05 21:45:34,524 [DEBUG]  There is no memorised next action
2025-06-05 21:45:34,524 [DEBUG]  Node 'run_RulePolicy1' running 'RulePolicy.predict_action_probabilities'.
2025-06-05 21:45:34,524 [DEBUG]  [[32m[1mdebug    [0m] [1mrule_policy.actions.find      [0m [36mcurrent_states[0m=[35m
[state 1] user intent: greet | previous action name: action_listen
[state 2] user intent: greet | previous action name: utter_greet
[state 3] user intent: ask_architecture | previous action name: action_listen
[state 4] user intent: ask_architecture | previous action name: utter_architecture_response
[state 5] user intent: ask_microservices | previous action name: action_listen
[state 6] user intent: ask_microservices | previous action name: utter_microservices
[state 7] user intent: request_info | previous action name: action_listen
[state 8] user intent: request_info | previous action name: utter_ask_more
[state 9] user intent: ask_best_practices | previous action name: action_listen
[state 10] user intent: ask_best_practices | previous action name: utter_best_practices[0m
2025-06-05 21:45:34,524 [DEBUG]  There is a rule for the next action 'action_listen'.
2025-06-05 21:45:34,525 [DEBUG]  Node 'run_TEDPolicy2' running 'TEDPolicy.predict_action_probabilities'.
2025-06-05 21:45:34,527 [DEBUG]  TED predicted 'utter_ask_more' based on user intent.
2025-06-05 21:45:34,528 [DEBUG]  Node 'select_prediction' running 'DefaultPolicyPredictionEnsemble.combine_predictions_from_kwargs'.
2025-06-05 21:45:34,528 [DEBUG]  Predicted next action using RulePolicy.
2025-06-05 21:45:34,528 [DEBUG]  Predicted next action 'action_listen' with confidence 1.00.
2025-06-05 21:45:34,528 [DEBUG]  [[32m[1mdebug    [0m] [1mprocessor.actions.policy_prediction[0m [36mprediction_events[0m=[35m[][0m
2025-06-05 21:45:34,528 [DEBUG]  [[32m[1mdebug    [0m] [1mprocessor.actions.log         [0m [36maction_name[0m=[35maction_listen[0m [36mrasa_events[0m=[35m[][0m
2025-06-05 21:45:34,528 [DEBUG]  No event broker configured. Skipping streaming events.
2025-06-05 21:45:34,528 [DEBUG]  Deleted lock for conversation 'PractikumStudent'.
2025-06-05 21:45:47,227 [DEBUG]  Issuing ticket for conversation 'PractikumStudent'.
2025-06-05 21:45:47,227 [DEBUG]  Acquiring lock for conversation 'PractikumStudent'.
2025-06-05 21:45:47,227 [DEBUG]  Acquired lock for conversation 'PractikumStudent'.
2025-06-05 21:45:47,228 [DEBUG]  Recreating tracker for id 'PractikumStudent'
2025-06-05 21:45:47,229 [DEBUG]  Running graph with inputs: {'__message__': [<rasa.core.channels.channel.UserMessage object at 0x7f5a644f0b50>], '__tracker__': <rasa.shared.core.trackers.DialogueStateTracker object at 0x7f5a644f1cf0>}, targets: ['run_RegexMessageHandler'] and ExecutionContext(model_id='58482a92fc004fc18a3dc1daf0d57138', should_add_diagnostic_data=False, is_finetuning=False, node_name=None).
2025-06-05 21:45:47,229 [DEBUG]  Node 'nlu_message_converter' running 'NLUMessageConverter.convert_user_message'.
2025-06-05 21:45:47,230 [DEBUG]  Node 'run_WhitespaceTokenizer0' running 'WhitespaceTokenizer.process'.
2025-06-05 21:45:47,230 [DEBUG]  Node 'run_RegexFeaturizer1' running 'RegexFeaturizer.process'.
2025-06-05 21:45:47,230 [DEBUG]  Node 'run_LexicalSyntacticFeaturizer2' running 'LexicalSyntacticFeaturizer.process'.
2025-06-05 21:45:47,230 [DEBUG]  Node 'run_CountVectorsFeaturizer3' running 'CountVectorsFeaturizer.process'.
2025-06-05 21:45:47,231 [DEBUG]  Node 'run_LanguageModelFeaturizer4' running 'LanguageModelFeaturizer.process'.
2025-06-05 21:45:47,331 [DEBUG]  Node 'run_DIETClassifier5' running 'DIETClassifier.process'.
2025-06-05 21:45:47,334 [DEBUG]  Node 'run_EntitySynonymMapper6' running 'EntitySynonymMapper.process'.
2025-06-05 21:45:47,335 [DEBUG]  Node 'run_ResponseSelector7' running 'ResponseSelector.process'.
2025-06-05 21:45:47,335 [DEBUG]  There is no trained model for 'ResponseSelector': The component is either not trained or didn't receive enough training data.
2025-06-05 21:45:47,335 [DEBUG]  Adding following selector key to message property: default
2025-06-05 21:45:47,335 [DEBUG]  Node 'domain_provider' running 'DomainProvider.provide_inference'.
2025-06-05 21:45:47,335 [DEBUG]  Node 'run_RegexMessageHandler' running 'RegexMessageHandler.process'.
2025-06-05 21:45:47,335 [DEBUG]  [[32m[1mdebug    [0m] [1mprocessor.message.parse       [0m [36mparse_data_entities[0m=[35m[][0m [36mparse_data_intent[0m=[35m{'name': 'goodbye', 'confidence': 0.9214038252830505}[0m [36mparse_data_text[0m=[35mПока[0m
2025-06-05 21:45:47,335 [DEBUG]  Logged UserUtterance - tracker now has 34 events.
2025-06-05 21:45:47,335 [DEBUG]  Validating extracted slots: topic
2025-06-05 21:45:47,336 [DEBUG]  [[32m[1mdebug    [0m] [1mprocessor.extract.slots       [0m [36maction_extract_slot[0m=[35maction_extract_slots[0m [36mlen_extraction_events[0m=[35m1[0m [36mrasa_events[0m=[35m[SlotSet(key: topic, value: Пока)][0m
2025-06-05 21:45:47,336 [DEBUG]  Running graph with inputs: {'__tracker__': <rasa.shared.core.trackers.DialogueStateTracker object at 0x7f5a644f1cf0>}, targets: ['select_prediction'] and ExecutionContext(model_id='58482a92fc004fc18a3dc1daf0d57138', should_add_diagnostic_data=False, is_finetuning=False, node_name=None).
2025-06-05 21:45:47,336 [DEBUG]  Node 'rule_only_data_provider' running 'RuleOnlyDataProvider.provide'.
2025-06-05 21:45:47,336 [DEBUG]  Node 'domain_provider' running 'DomainProvider.provide_inference'.
2025-06-05 21:45:47,336 [DEBUG]  Node 'run_MemoizationPolicy0' running 'MemoizationPolicy.predict_action_probabilities'.
2025-06-05 21:45:47,336 [DEBUG]  [[32m[1mdebug    [0m] [1mmemoization.predict.actions   [0m [36mtracker_states[0m=[35m[{'user': {'intent': 'request_info'}, 'prev_action': {'action_name': 'utter_ask_more'}}, {'user': {'intent': 'goodbye'}, 'prev_action': {'action_name': 'action_listen'}}][0m
2025-06-05 21:45:47,336 [DEBUG]  There is no memorised next action
2025-06-05 21:45:47,337 [DEBUG]  Node 'run_RulePolicy1' running 'RulePolicy.predict_action_probabilities'.
2025-06-05 21:45:47,337 [DEBUG]  [[32m[1mdebug    [0m] [1mrule_policy.actions.find      [0m [36mcurrent_states[0m=[35m
[state 1] user intent: greet | previous action name: action_listen
[state 2] user intent: greet | previous action name: utter_greet
[state 3] user intent: ask_architecture | previous action name: action_listen
[state 4] user intent: ask_architecture | previous action name: utter_architecture_response
[state 5] user intent: ask_microservices | previous action name: action_listen
[state 6] user intent: ask_microservices | previous action name: utter_microservices
[state 7] user intent: request_info | previous action name: action_listen
[state 8] user intent: request_info | previous action name: utter_ask_more
[state 9] user intent: ask_best_practices | previous action name: action_listen
[state 10] user intent: ask_best_practices | previous action name: utter_best_practices
[state 11] user text: Пока | previous action name: action_listen[0m
2025-06-05 21:45:47,337 [DEBUG]  There is no applicable rule.
2025-06-05 21:45:47,337 [DEBUG]  [[32m[1mdebug    [0m] [1mrule_policy.actions.find      [0m [36mcurrent_states[0m=[35m
[state 1] user intent: greet | previous action name: action_listen
[state 2] user intent: greet | previous action name: utter_greet
[state 3] user intent: ask_architecture | previous action name: action_listen
[state 4] user intent: ask_architecture | previous action name: utter_architecture_response
[state 5] user intent: ask_microservices | previous action name: action_listen
[state 6] user intent: ask_microservices | previous action name: utter_microservices
[state 7] user intent: request_info | previous action name: action_listen
[state 8] user intent: request_info | previous action name: utter_ask_more
[state 9] user intent: ask_best_practices | previous action name: action_listen
[state 10] user intent: ask_best_practices | previous action name: utter_best_practices
[state 11] user intent: goodbye | previous action name: action_listen[0m
2025-06-05 21:45:47,337 [DEBUG]  There is a rule for the next action 'utter_goodbye'.
2025-06-05 21:45:47,337 [DEBUG]  Node 'run_TEDPolicy2' running 'TEDPolicy.predict_action_probabilities'.
2025-06-05 21:45:47,340 [DEBUG]  TED predicted 'utter_goodbye' based on user intent.
2025-06-05 21:45:47,341 [DEBUG]  Node 'select_prediction' running 'DefaultPolicyPredictionEnsemble.combine_predictions_from_kwargs'.
2025-06-05 21:45:47,341 [DEBUG]  Made prediction using user intent.
2025-06-05 21:45:47,341 [DEBUG]  Added `DefinePrevUserUtteredFeaturization(False)` event.
2025-06-05 21:45:47,341 [DEBUG]  Predicted next action using RulePolicy.
2025-06-05 21:45:47,341 [DEBUG]  Predicted next action 'utter_goodbye' with confidence 1.00.
2025-06-05 21:45:47,341 [DEBUG]  [[32m[1mdebug    [0m] [1mprocessor.actions.policy_prediction[0m [36mprediction_events[0m=[35m[<rasa.shared.core.events.DefinePrevUserUtteredFeaturization object at 0x7f5a644ce890>][0m
2025-06-05 21:45:47,341 [DEBUG]  [[32m[1mdebug    [0m] [1mprocessor.actions.log         [0m [36maction_name[0m=[35mutter_goodbye[0m [36mrasa_events[0m=[35m[BotUttered('До свидания! Если появятся вопросы по архитектуре ПО, обращайтесь.', {"elements": null, "quick_replies": null, "buttons": null, "attachment": null, "image": null, "custom": null}, {"utter_action": "utter_goodbye"}, 1749149147.3414438)][0m
2025-06-05 21:45:47,341 [DEBUG]  Running graph with inputs: {'__tracker__': <rasa.shared.core.trackers.DialogueStateTracker object at 0x7f5a644f1cf0>}, targets: ['select_prediction'] and ExecutionContext(model_id='58482a92fc004fc18a3dc1daf0d57138', should_add_diagnostic_data=False, is_finetuning=False, node_name=None).
2025-06-05 21:45:47,341 [DEBUG]  Node 'rule_only_data_provider' running 'RuleOnlyDataProvider.provide'.
2025-06-05 21:45:47,342 [DEBUG]  Node 'domain_provider' running 'DomainProvider.provide_inference'.
2025-06-05 21:45:47,342 [DEBUG]  Node 'run_MemoizationPolicy0' running 'MemoizationPolicy.predict_action_probabilities'.
2025-06-05 21:45:47,342 [DEBUG]  [[32m[1mdebug    [0m] [1mmemoization.predict.actions   [0m [36mtracker_states[0m=[35m[{'user': {'intent': 'goodbye'}, 'prev_action': {'action_name': 'action_listen'}}, {'user': {'intent': 'goodbye'}, 'prev_action': {'action_name': 'utter_goodbye'}}][0m
2025-06-05 21:45:47,342 [DEBUG]  There is a memorised next action 'action_listen'
2025-06-05 21:45:47,342 [DEBUG]  Node 'run_RulePolicy1' running 'RulePolicy.predict_action_probabilities'.
2025-06-05 21:45:47,342 [DEBUG]  [[32m[1mdebug    [0m] [1mrule_policy.actions.find      [0m [36mcurrent_states[0m=[35m
[state 1] user intent: greet | previous action name: action_listen
[state 2] user intent: greet | previous action name: utter_greet
[state 3] user intent: ask_architecture | previous action name: action_listen
[state 4] user intent: ask_architecture | previous action name: utter_architecture_response
[state 5] user intent: ask_microservices | previous action name: action_listen
[state 6] user intent: ask_microservices | previous action name: utter_microservices
[state 7] user intent: request_info | previous action name: action_listen
[state 8] user intent: request_info | previous action name: utter_ask_more
[state 9] user intent: ask_best_practices | previous action name: action_listen
[state 10] user intent: ask_best_practices | previous action name: utter_best_practices
[state 11] user intent: goodbye | previous action name: action_listen
[state 12] user intent: goodbye | previous action name: utter_goodbye[0m
2025-06-05 21:45:47,342 [DEBUG]  There is a rule for the next action 'action_listen'.
2025-06-05 21:45:47,342 [DEBUG]  Node 'run_TEDPolicy2' running 'TEDPolicy.predict_action_probabilities'.
2025-06-05 21:45:47,345 [DEBUG]  TED predicted 'action_listen' based on user intent.
2025-06-05 21:45:47,345 [DEBUG]  Node 'select_prediction' running 'DefaultPolicyPredictionEnsemble.combine_predictions_from_kwargs'.
2025-06-05 21:45:47,345 [DEBUG]  Predicted next action using RulePolicy.
2025-06-05 21:45:47,345 [DEBUG]  Predicted next action 'action_listen' with confidence 1.00.
2025-06-05 21:45:47,345 [DEBUG]  [[32m[1mdebug    [0m] [1mprocessor.actions.policy_prediction[0m [36mprediction_events[0m=[35m[][0m
2025-06-05 21:45:47,346 [DEBUG]  [[32m[1mdebug    [0m] [1mprocessor.actions.log         [0m [36maction_name[0m=[35maction_listen[0m [36mrasa_events[0m=[35m[][0m
2025-06-05 21:45:47,346 [DEBUG]  No event broker configured. Skipping streaming events.
2025-06-05 21:45:47,346 [DEBUG]  Deleted lock for conversation 'PractikumStudent'.
